Build started: 2026-08-03T20:14:13

1: Warm Welcome (warm_welcome)
	Processing Storepoint data
	WARNING: Unlikely coordinates (40.742888, -84.116778) so geocoding based on NP12 8NW
	WARNING: Unlikely coordinates (40.703013, -73.990639) so geocoding based on BT31 9DQ
	WARNING: Unlikely coordinates (44.987597, -85.254636) so geocoding based on BT43 6EB
	WARNING: Unlikely coordinates (34.672548, -98.408234) so geocoding based on DA8 1RA
	Added 4999 features (4999 geocoded).
	Total = 4999
	Processed in 9 seconds
2: Warm spaces (warm_spaces)
3: Aberdeen City Council (aberdeen_city_council)
	Parsing web page using scrapers/aberdeen_city_council.pl (2656 bytes)
	WARNING: No features found in web page.
	Added 0 features (0 geocoded).
	Total = 4999
	Processed in 1 second
4: Aberdeenshire Council (aberdeenshire_council)
	Parsing web page using scrapers/aberdeenshire_council.pl (29911 bytes)
	WARNING: No features found in web page.
	Parsing web page using scrapers/aberdeenshire_council.pl (29889 bytes)
	WARNING: No features found in web page.
	Parsing web page using scrapers/aberdeenshire_council.pl (29899 bytes)
	WARNING: No features found in web page.
	Parsing web page using scrapers/aberdeenshire_council.pl (29893 bytes)
	WARNING: No features found in web page.
	Parsing web page using scrapers/aberdeenshire_council.pl (29919 bytes)
	WARNING: No features found in web page.
	Parsing web page using scrapers/aberdeenshire_council.pl (29885 bytes)
	WARNING: No features found in web page.
	Added 0 features (0 geocoded).
	Total = 4999
	Processed in 3 seconds
5: Adur and Worthing Council (adur_and_worthing_council)
	Getting Google Maps pageData
	Getting Google Maps kmz from https://www.google.com/maps/d/kml?mid=10Pl9rx9V9oh_owU5nUCG7UsOtP41vp4&resourcekey&lid=O-8SM5N4wKc
	Unzipping kmz
	Added 16 features (16 geocoded).
	Total = 5015
	Processed in 1 second
6: Angus Council (angus_council)
	Parsing web page using scrapers/angus_council.pl (47731 bytes)
	Parsing web page using scrapers/angus_council.pl (47623 bytes)
	Parsing web page using scrapers/angus_council.pl (48055 bytes)
	Parsing web page using scrapers/angus_council.pl (49976 bytes)
	Parsing web page using scrapers/angus_council.pl (46530 bytes)
	WARNING: No features found in web page.
	Parsing web page using scrapers/angus_council.pl (46944 bytes)
	Parsing web page using scrapers/angus_council.pl (47525 bytes)
	Added 16 features (4 geocoded).
	Total = 5031
	Processed in 3 seconds
7: Ards and North Down Council (ards_and_north_down_council)
8: Argyll and Bute Third Sector Interface (argyll_and_bute_third_sector_interface)
	Parsing web page using scrapers/argyll_and_bute_third_sector_interface.pl (108874 bytes)
	Added 35 features (35 geocoded).
	Total = 5066
	Processed in 1 second
9: Armagh City, Bandridge and Craigavon Council (armagh_city__bandridge_and_craigavon_council)
10: Banbury Town Council (banbury_town_council)
11: Barnet Council (barnet_council)
	Parsing web page using scrapers/barnet_council.pl (6183 bytes)
	WARNING: No features found in web page.
	Added 0 features (0 geocoded).
	Total = 5066
12: Barnsley Council (barnsley_council)
	Parsing web page using scrapers/barnsley_council.pl (56661 bytes)
	Added 24 features (24 geocoded).
	Total = 5090
	Processed in 1 second
13: Barrow Council (barrow_council)
14: Basildon Council (basildon_council)
15: Bassetlaw CVS (bassetlaw_cvs)
	Processing GeoJSON
	Added 41 features (41 geocoded).
	Total = 5131
	Processed in 1 second
16: Bath and North East Somerset Council (bath_and_north_east_somerset_council)
	Parsing web page using scrapers/bath_and_north_east_somerset_council.pl (32712 bytes)
	WARNING: No features found in web page.
	Added 0 features (0 geocoded).
	Total = 5131
	Processed in 1 second
17: Bedford Council (bedford_council)
	Parsing web page using scrapers/bedford_council.pl (36529 bytes)
	Added 7 features (6 geocoded).
	Total = 5138
18: Belfast Council (belfast_council)
19: Bexley Council (bexley_council)
	Parsing web page using scrapers/bexley_council.pl (85616 bytes)
	Added 16 features (16 geocoded).
	Total = 5154
	Processed in 1 second
20: Birmingham Council (birmingham_council)
	Parsing web page using scrapers/birmingham_council.pl (120985 bytes)
	Added 366 features (365 geocoded).
	Total = 5520
	Processed in 199 seconds
21: Bolton at Home (bolton_at_home)
22: Boston Borough Council (boston_borough_council)
	Parsing web page using scrapers/boston_borough_council.pl (5416 bytes)
	WARNING: No JSON returned from scraper
	WARNING: No features found in web page.
	Added 0 features (0 geocoded).
	Total = 5520
23: Bournemouth, Christchurch and Poole (bournemouth__christchurch_and_poole)
	Parsing web page using scrapers/bournemouth__christchurch_and_poole.pl (131887 bytes)
	Added 80 features (75 geocoded).
	Total = 5600
	Processed in 5 seconds
24: Bracknell Forest Council (bracknell_forest_council)
25: Bradford Council (bradford_council)
	Parsing web page using scrapers/bradford_council.pl (184987 bytes)
	Added 127 features (127 geocoded).
	Total = 5727
	Processed in 11 seconds
26: Bradford on Avon Council (bradford_on_avon_council)
27: Braintree Council (braintree_council)
	Parsing web page using scrapers/braintree_council.pl (84058 bytes)
	Added 24 features (24 geocoded).
	Total = 5751
	Processed in 1 second
28: Breckland Council (breckland_council)
29: Brent (brent)
30: Bridgend Council (bridgend_council)
31: Bridgend Association of Voluntary Organisations (bridgend_association_of_voluntary_organisations)
	Parsing web page using scrapers/bridgend_association_of_voluntary_organisations.pl (62697 bytes)
	Added 43 features (28 geocoded).
	Total = 5794
	Processed in 6 seconds
32: Brighton & Hove Council (brighton___hove_council)
	Parsing web page using scrapers/brighton___hove_council.pl (230212 bytes)
	Added 52 features (0 geocoded).
	Total = 5846
	Processed in 5 seconds
33: Bristol Council (bristol_council)
	Processing GeoJSON
	Added 34 features (34 geocoded).
	Total = 5880
34: Broadland and South Norfolk Council (broadland_and_south_norfolk_council)
35: Bromley Well (bromley_well)
	Getting Google Maps pageData
	Getting Google Maps kmz from https://www.google.com/maps/d/kml?mid=17_SgSZLOLQgzkig4vVXQHIBOic0q_7E&resourcekey&lid=1iudOV90jxU
	Unzipping kmz
	Getting Google Maps kmz from https://www.google.com/maps/d/kml?mid=17_SgSZLOLQgzkig4vVXQHIBOic0q_7E&resourcekey&lid=Cl3w8S4i7jQ
	Unzipping kmz
	Added 22 features (22 geocoded).
	Total = 5902
	Processed in 102 seconds
36: Buckinghamshire Council (buckinghamshire_council)
	Parsing web page using scrapers/buckinghamshire_council.pl (139320 bytes)
	Added 33 features (33 geocoded).
	Total = 5935
	Processed in 1 second
37: Burnley Council (burnley_council)
	Parsing web page using scrapers/burnley_council.pl (103415 bytes)
	Added 25 features (25 geocoded).
	Total = 5960
	Processed in 1 second
38: Bury Directory (bury_directory)
	Parsing web page using scrapers/bury_directory.pl (1490188 bytes)
	Added 26 features (21 geocoded).
	Total = 5986
	Processed in 1 second
39: Calderdale Council (calderdale_council)
	Processing GeoJSON
	Added 57 features (57 geocoded).
	Total = 6043
	Processed in 1 second
40: Cambridge Council (cambridge_council)
41: Cambridgeshire ACRE (cambridgeshire_acre)
	Parsing web page using scrapers/cambridgeshire_acre.pl (126312 bytes)
	Added 40 features (40 geocoded).
	Total = 6083
	Processed in 4 seconds
42: Camden Council (camden_council)
	Processing GeoJSON
	Added 48 features (48 geocoded).
	Total = 6131
	Processed in 1 second
43: Cannock Chase Council (cannock_chase_council)
44: Carefree Cornwall (carefree_cornwall)
	Getting Google Maps pageData
	Getting Google Maps kmz from https://www.google.com/maps/d/kml?mid=1Zb6kSYdWEp1eX8dAoch_ezTuaEzYSQ4&resourcekey&lid=MquWQjyo3WM
	Unzipping kmz
	Added 74 features (69 geocoded).
	Total = 6205
45: Causeway Coast and Glens Council (causeway_coast_and_glens_council)
	Processing GeoJSON
	Added 43 features (43 geocoded).
	Total = 6248
	Processed in 1 second
46: Central Bedfordshire Council (central_bedfordshire_council)
	Parsing web page using scrapers/central_bedfordshire_council.pl (40654 bytes)
	WARNING: No features found in web page.
	Added 0 features (0 geocoded).
	Total = 6248
47: Ceredigion Council (ceredigion_council)
	Getting Google Maps pageData
	Getting Google Maps kmz from https://www.google.com/maps/d/kml?mid=1skpEIxs2eV_I-kb9soJedAMgDeei9io&resourcekey&lid=n1Ur6rfW4iU
	Unzipping kmz
	Added 47 features (45 geocoded).
	Total = 6295
	Processed in 1 second
48: Charnwood Council (charnwood_council)
49: Chelmsford Connects (chelmsford_connects)
	Parsing web page using scrapers/chelmsford_connects.pl (20635 bytes)
	Added 43 features (37 geocoded).
	Total = 6338
	Processed in 35 seconds
50: Cheltenham Council (cheltenham_council)
	Parsing web page using scrapers/cheltenham_council.pl (15402 bytes)
	WARNING: No features found in web page.
	Added 0 features (0 geocoded).
	Total = 6338
51: Cherwell Council (cherwell_council)
	Processing GeoJSON
	Added 41 features (41 geocoded).
	Total = 6379
52: Cheshire East Council (cheshire_east_council)
	Parsing web page using scrapers/cheshire_east_council.pl (179 bytes)
	WARNING: No features found in web page.
	Added 0 features (0 geocoded).
	Total = 6379
	Processed in 1 second
53: Cheshire West and Chester Council (cheshire_west_and_chester_council)
54: Chesterfield Council (chesterfield_council)
	Getting Google Maps pageData
	Getting Google Maps kmz from https://www.google.com/maps/d/kml?mid=1JrCSjycja_aUlPvSTs5YeqkGhaRwNw8&resourcekey&lid=tqSgbSBvQ6I
	Unzipping kmz
	Added 35 features (35 geocoded).
	Total = 6414
55: Chichester Deanery (chichester_deanery)
56: Chorley Council (chorley_council)
	Parsing web page using scrapers/chorley_council.pl (46670 bytes)
	WARNING: No features found in web page.
	Added 0 features (0 geocoded).
	Total = 6414
	Processed in 1 second
57: City of London (city_of_london)
58: Colchester Council (colchester_council)
	Getting Google Maps pageData
	Getting Google Maps kmz from https://www.google.com/maps/d/kml?mid=1fSLMBDw-ksZ1RPuB9cUDSczeKpBa36M&resourcekey&lid=NC1vrlSJuUs
	Unzipping kmz
	Getting Google Maps kmz from https://www.google.com/maps/d/kml?mid=1fSLMBDw-ksZ1RPuB9cUDSczeKpBa36M&resourcekey&lid=CdVfimNI67I
	Unzipping kmz
	Getting Google Maps kmz from https://www.google.com/maps/d/kml?mid=1fSLMBDw-ksZ1RPuB9cUDSczeKpBa36M&resourcekey&lid=-OlFSrfenP8
	Unzipping kmz
	Getting Google Maps kmz from https://www.google.com/maps/d/kml?mid=1fSLMBDw-ksZ1RPuB9cUDSczeKpBa36M&resourcekey&lid=QAx8tJhNh2U
	Unzipping kmz
	Added 50 features (50 geocoded).
	Total = 6464
	Processed in 1 second
59: Communities 1st (communities_1st)
	Parsing web page using scrapers/communities_1st.pl (108886 bytes)
	Added 30 features (29 geocoded).
	Total = 6494
	Processed in 8 seconds
60: Community Action Derby (community_action_derby)
	Parsing web page using scrapers/community_action_derby.pl (81375 bytes)
	Added 42 features (30 geocoded).
	Total = 6536
	Processed in 1 second
61: Coventry Council (coventry_council)
	Parsing web page using scrapers/coventry_council.pl (109538 bytes)
	Added 60 features (60 geocoded).
	Total = 6596
	Processed in 28 seconds
62: Croydon Council (croydon_council)
	Parsing web page using scrapers/croydon_council.pl (138582 bytes)
	Added 26 features (26 geocoded).
	Total = 6622
	Processed in 3 seconds
63: Croydon Simply Connect (croydon_simply_connect)
	Parsing web page using scrapers/croydon_simply_connect.pl (54448 bytes)
	Added 19 features (19 geocoded).
	Total = 6641
	Processed in 1 second
64: Cumberland Council (cumberland_council)
	Parsing web page using scrapers/cumberland_council.pl (131575 bytes)
	Added 31 features (31 geocoded).
	Total = 6672
	Processed in 1 second
65: Cumbria Council (cumbria_council)
66: Cyngor Gwynedd (cyngor_gwynedd)
	Getting Google Maps pageData
	Getting Google Maps kmz from https://www.google.com/maps/d/kml?mid=1x04iINvNfqHSAA0QmGuZBaizs8KCvXs&resourcekey&lid=1pw4HGkTdPo
	Unzipping kmz
	Added 244 features (236 geocoded).
	Total = 6916
	Processed in 2 seconds
67: Derbyshire Council (derbyshire_council)
68: Derbyshire Dales Council (derbyshire_dales_council)
69: Devizes Council (devizes_council)
70: Dover Council (dover_council)
71: Durham County Council (durham_county_council)
	Parsing web page using scrapers/durham_county_council.pl (44187 bytes)
	WARNING: No features found in web page.
	Added 0 features (0 geocoded).
	Total = 6916
	Processed in 1 second
72: Ealing Council (ealing_council)
	Parsing web page using scrapers/ealing_council.pl (37362 bytes)
	Added 47 features (47 geocoded).
	Total = 6963
	Processed in 1 second
73: East Ayrshire Council (east_ayrshire_council)
	Getting Google Maps pageData
	Getting Google Maps kmz from https://www.google.com/maps/d/kml?mid=1_-Q0RGWdJtKksfhUaA0EF-z-88zUvy4&resourcekey&lid=59J7OzSf3nQ
	Unzipping kmz
	Added 44 features (44 geocoded).
	Total = 7007
	Processed in 1 second
74: East Lindsey Council (east_lindsey_council)
	Getting Google Maps pageData
	Getting Google Maps kmz from https://www.google.com/maps/d/kml?mid=1mtJyfW1oQ-BZ7lFJh7nRjedxtwPlsFc&resourcekey&lid=z6a0zpTzgq0
	Unzipping kmz
	Added 23 features (23 geocoded).
	Total = 7030
75: East Staffordshire Council (east_staffordshire_council)
	Parsing web page using scrapers/east_staffordshire_council.pl ( bytes)
	WARNING: No JSON returned from scraper
	WARNING: No features found in web page.
	Added 0 features (0 geocoded).
	Total = 7030
	Processed in 10 seconds
76: Eastleigh Council (eastleigh_council)
77: Edinburgh Council (edinburgh_council)
	Processing GeoJSON
	Processing GeoJSON
	Processing GeoJSON
	Processing GeoJSON
	Added 76 features (76 geocoded).
	Total = 7106
	Processed in 1 second
78: Enfield Council (enfield_council)
79: Enfield Food Alliance (enfield_food_alliance)
80: Essex Map (essex_map)
	Parsing web page using scrapers/essex_map.pl (5987 bytes)
	WARNING: No features found in web page.
	Added 0 features (0 geocoded).
	Total = 7106
81: Exeter Council (exeter_council)
82: Fife Council (fife_council)
	Getting Google Maps pageData
	Getting Google Maps kmz from https://www.google.com/maps/d/kml?mid=1icpsjK7hfUSOabXLw-ccXrFkSiX9-lc&resourcekey&lid=VKz1AUB7YH8
	Unzipping kmz
	Added 60 features (58 geocoded).
	Total = 7166
	Processed in 1 second
83: Frome Council (frome_council)
84: Fylde Council (fylde_council)
	Parsing web page using scrapers/fylde_council.pl (105778 bytes)
	Added 14 features (14 geocoded).
	Total = 7180
	Processed in 1 second
85: Gateshead Council (gateshead_council)
86: Gedling Council (gedling_council)
	Parsing web page using scrapers/gedling_council.pl (66414 bytes)
	Added 35 features (33 geocoded).
	Total = 7215
	Processed in 1 second
87: Glasgow Council (glasgow_council)
88: Gloucester Council (gloucester_council)
89: Greenwich Council (greenwich_council)
90: Hackney Council (hackney_council)
91: Haringey Council (haringey_council)
92: Harlow Council (harlow_council)
93: Harrogate NetMakers (harrogate_netmakers)
	Getting Google Maps pageData
	Getting Google Maps kmz from https://www.google.com/maps/d/kml?mid=132pQ79bvABq8HA9j_OZAI39Gb7rkXuY&resourcekey&lid=0HHhcZN0zss
	Unzipping kmz
	Added 15 features (15 geocoded).
	Total = 7230
	Processed in 1 second
94: Havant Council (havant_council)
95: Havering Council (havering_council)
	Parsing web page using scrapers/havering_council.pl (44136 bytes)
	Added 10 features (8 geocoded).
	Total = 7240
96: #HelpAndKindness (_helpandkindness)
	Parsing web page using scrapers/_helpandkindness.pl (452550 bytes)
	Added 122 features (122 geocoded).
	Total = 7362
	Processed in 3 seconds
97: Herefordshire Council (herefordshire_council)
	Getting Google Maps pageData
	Getting Google Maps kmz from https://www.google.com/maps/d/kml?mid=1_t4olAcd46ls5NEpxD3mMnCkm4uAav4&resourcekey&lid=ifi_on_aGXI
	Unzipping kmz
	Added 43 features (43 geocoded).
	Total = 7405
98: Hertfordshire Council (hertfordshire_council)
	Parsing web page using scrapers/hertfordshire_council.pl (60207 bytes)
	Added 84 features (84 geocoded).
	Total = 7489
	Processed in 23 seconds
99: High Peak Council (high_peak_council)
	Parsing web page using scrapers/high_peak_council.pl (68876 bytes)
	Added 13 features (10 geocoded).
	Total = 7502
	Processed in 1 second
100: Hinckley and Bosworth Council (hinckley_and_bosworth_council)
	Parsing web page using scrapers/hinckley_and_bosworth_council.pl (35013 bytes)
	Added 43 features (42 geocoded).
	Total = 7545
	Processed in 2 seconds
101: Horsham District (horsham_district)
102: Hounslow Council (hounslow_council)
103: Hull Council (hull_council)
	Processing GeoJSON
	GeoJSON looks like an array
	WARNING: Coordinates seem to be an array so calculating centre.
	WARNING: Coordinates seem to be an array so calculating centre.
	WARNING: Coordinates seem to be an array so calculating centre.
	WARNING: Coordinates seem to be an array so calculating centre.
	WARNING: Coordinates seem to be an array so calculating centre.
	WARNING: Coordinates seem to be an array so calculating centre.
	WARNING: Coordinates seem to be an array so calculating centre.
	WARNING: Coordinates seem to be an array so calculating centre.
	WARNING: Coordinates seem to be an array so calculating centre.
	WARNING: Coordinates seem to be an array so calculating centre.
	WARNING: Coordinates seem to be an array so calculating centre.
	WARNING: Coordinates seem to be an array so calculating centre.
	WARNING: Coordinates seem to be an array so calculating centre.
	WARNING: Coordinates seem to be an array so calculating centre.
	WARNING: Coordinates seem to be an array so calculating centre.
	WARNING: Coordinates seem to be an array so calculating centre.
	WARNING: Coordinates seem to be an array so calculating centre.
	WARNING: Coordinates seem to be an array so calculating centre.
	WARNING: Coordinates seem to be an array so calculating centre.
	WARNING: Coordinates seem to be an array so calculating centre.
	WARNING: Coordinates seem to be an array so calculating centre.
	WARNING: Coordinates seem to be an array so calculating centre.
	WARNING: Coordinates seem to be an array so calculating centre.
	WARNING: Coordinates seem to be an array so calculating centre.
	WARNING: Coordinates seem to be an array so calculating centre.
	WARNING: Coordinates seem to be an array so calculating centre.
	WARNING: Coordinates seem to be an array so calculating centre.
	WARNING: Coordinates seem to be an array so calculating centre.
	WARNING: Coordinates seem to be an array so calculating centre.
	WARNING: Coordinates seem to be an array so calculating centre.
	WARNING: Coordinates seem to be an array so calculating centre.
	WARNING: Coordinates seem to be an array so calculating centre.
	WARNING: Coordinates seem to be an array so calculating centre.
	WARNING: Coordinates seem to be an array so calculating centre.
	WARNING: Coordinates seem to be an array so calculating centre.
	WARNING: Coordinates seem to be an array so calculating centre.
	WARNING: Coordinates seem to be an array so calculating centre.
	WARNING: Coordinates seem to be an array so calculating centre.
	WARNING: Coordinates seem to be an array so calculating centre.
	WARNING: Coordinates seem to be an array so calculating centre.
	WARNING: Coordinates seem to be an array so calculating centre.
	WARNING: Coordinates seem to be an array so calculating centre.
	WARNING: Coordinates seem to be an array so calculating centre.
	WARNING: Coordinates seem to be an array so calculating centre.
	WARNING: Coordinates seem to be an array so calculating centre.
	WARNING: Coordinates seem to be an array so calculating centre.
	WARNING: Coordinates seem to be an array so calculating centre.
	WARNING: Coordinates seem to be an array so calculating centre.
	WARNING: Coordinates seem to be an array so calculating centre.
	Added 49 features (49 geocoded).
	Total = 7594
	Processed in 3 seconds
104: Huntingdonshire Council (huntingdonshire_council)
	Parsing web page using scrapers/huntingdonshire_council.pl (163236 bytes)
	Added 35 features (35 geocoded).
	Total = 7629
	Processed in 1 second
105: Ipswich Council (ipswich_council)
106: Isle of Wight Council (isle_of_wight_council)
	Parsing web page using scrapers/isle_of_wight_council.pl (5869 bytes)
	WARNING: No features found in web page.
	Added 0 features (0 geocoded).
	Total = 7629
107: Kensington and Chelsea (kensington_and_chelsea)
108: Kingston Council (kingston_council)
109: Kirklees Council (kirklees_council)
	Parsing web page using scrapers/kirklees_council.pl (5224 bytes)
	Added 24 features (24 geocoded).
	Total = 7653
110: Lambeth Council (lambeth_council)
	Parsing web page using scrapers/lambeth_council.pl (919 bytes)
	WARNING: No features found in web page.
	Added 0 features (0 geocoded).
	Total = 7653
	Processed in 1 second
111: Lancashire Council (lancashire_council)
	Processing GeoJSON
	Processing GeoJSON
	WARNING: No features for Lancashire Council
	Added 100 features (100 geocoded).
	Total = 7753
	Processed in 1 second
112: Lancaster Council (lancaster_council)
113: Leeds City Council (leeds_city_council)
	Parsing web page using scrapers/leeds_city_council.pl (328390 bytes)
	WARNING: No JSON returned from scraper
	WARNING: No features found in web page.
	Added 0 features (0 geocoded).
	Total = 7753
	Processed in 2 seconds
114: Leicester Council (leicester_council)
115: Lewes and Eastbourne Council (lewes_and_eastbourne_council)
	Parsing web page using scrapers/lewes_and_eastbourne_council.pl (5556 bytes)
	WARNING: No features found in web page.
	Added 0 features (0 geocoded).
	Total = 7753
116: Lewisham Local (lewisham_local)
	Getting Google Maps pageData
	Getting Google Maps kmz from https://www.google.com/maps/d/kml?mid=1oy8WfEERTci8pza4RbEsbmUehdkjg3g&resourcekey&lid=bqTdl2gIAYs
	Unzipping kmz
	Getting Google Maps kmz from https://www.google.com/maps/d/kml?mid=1oy8WfEERTci8pza4RbEsbmUehdkjg3g&resourcekey&lid=DnTz7j3hIxc
	Unzipping kmz
	Getting Google Maps kmz from https://www.google.com/maps/d/kml?mid=1oy8WfEERTci8pza4RbEsbmUehdkjg3g&resourcekey&lid=SA_-maBnVhQ
	Unzipping kmz
	Added 97 features (95 geocoded).
	Total = 7850
	Processed in 2 seconds
117: Lichfield Council (lichfield_council)
	Parsing web page using scrapers/lichfield_council.pl (44208 bytes)
	Added 19 features (0 geocoded).
	Total = 7869
	Processed in 12 seconds
118: Looe Town Council (looe_town_council)
119: Luton Council (luton_council)
	Parsing web page using scrapers/luton_council.pl (122687 bytes)
	Added 19 features (19 geocoded).
	Total = 7888
	Processed in 2 seconds
120: Malvern Hills Council (malvern_hills_council)
121: Manchester Council (manchester_council)
122: Mansfield Council (mansfield_council)
123: Merton Council (merton_council)
124: Mid and East Antrim Council (mid_and_east_antrim_council)
125: Midlothian Council (midlothian_council)
	Parsing web page using scrapers/midlothian_council.pl (54726 bytes)
	Added 14 features (12 geocoded).
	Total = 7902
	Processed in 2 seconds
126: Middlesbrough Council (middlesbrough_council)
127: Neath Port Talbot Council (neath_port_talbot_council)
	Parsing web page using scrapers/neath_port_talbot_council.pl (237920 bytes)
	Added 52 features (52 geocoded).
	Total = 7954
	Processed in 1 second
128: Newcastle under Lyme Council (newcastle_under_lyme_council)
129: Newham Council (newham_council)
130: Norfolk Community Foundation (norfolk_community_foundation)
	Getting Google Maps pageData
	Getting Google Maps kmz from https://www.google.com/maps/d/kml?mid=1PlhA0LQ2nYqDdl1omiaYhgz_xM_VAT0&resourcekey&lid=zxRJqTid3-E
	Unzipping kmz
	Added 78 features (5 geocoded).
	Total = 8032
	Processed in 1 second
131: North Devon Council (north_devon_council)
132: North East Derbyshire (north_east_derbyshire)
133: North Herts Council (north_herts_council)
134: North Northamptonshire Council (north_northamptonshire_council)
135: North Somerset Council (north_somerset_council)
136: North Yorkshire Council (north_yorkshire_council)
137: Northumberland County Council (northumberland_county_council)
	Unzipping xlsx to extract data from sheet2 (raw/northumberland_county_council.xls)
	There are 0 rows in sheet sheet2
	Added 0 features (0 geocoded).
	Total = 8032
138: Oxford Council (oxford_council)
	Getting Google Maps pageData
	Getting Google Maps kmz from https://www.google.com/maps/d/kml?mid=1Dsla6w3UdjubT3ZLY5UhZe3KGBNa2xg&resourcekey&lid=71BboqKSgL4
	Unzipping kmz
	Added 43 features (43 geocoded).
	Total = 8075
	Processed in 1 second
139: Perth and Kinross Council (perth_and_kinross_council)
	Processing GeoJSON
	Added 114 features (114 geocoded).
	Total = 8189
	Processed in 1 second
140: Peterborough Council (peterborough_council)
141: Places for People (places_for_people)
	Parsing web page using scrapers/places_for_people.pl (1029061 bytes)
	Added 33 features (27 geocoded).
	Total = 8222
	Processed in 8 seconds
142: Plymouth Council (plymouth_council)
143: Portsmouth Council (portsmouth_council)
144: Powys Council (powys_council)
	Parsing web page using scrapers/powys_council.pl (5429 bytes)
	WARNING: No features found in web page.
	Added 0 features (0 geocoded).
	Total = 8222
145: Preston Council (preston_council)
146: Reading Council (reading_council)
147: Redcar and Cleveland Council (redcar_and_cleveland_council)
	Parsing web page using scrapers/redcar_and_cleveland_council.pl (118 bytes)
	WARNING: No features found in web page.
	Parsing web page using scrapers/redcar_and_cleveland_council.pl (118 bytes)
	WARNING: No features found in web page.
	Parsing web page using scrapers/redcar_and_cleveland_council.pl (118 bytes)
	WARNING: No features found in web page.
	Added 0 features (0 geocoded).
	Total = 8222
	Processed in 2 seconds
148: Richmond upon Thames Council (richmond_upon_thames_council)
	Parsing web page using scrapers/richmond_upon_thames_council.pl (240545 bytes)
	Added 99 features (98 geocoded).
	Total = 8321
	Processed in 1 second
149: Rochdale Council (rochdale_council)
	Getting Google Maps pageData
	Getting Google Maps kmz from https://www.google.com/maps/d/kml?mid=1qaajLgcGvWqN34TRBrlLoZs3Ac6WfP4&resourcekey&lid=mpvQeT_0Hxs
	Unzipping kmz
	Getting Google Maps kmz from https://www.google.com/maps/d/kml?mid=1qaajLgcGvWqN34TRBrlLoZs3Ac6WfP4&resourcekey&lid=aAb9OWX91aU
	Unzipping kmz
	Added 26 features (26 geocoded).
	Total = 8347
150: Rotherham Council (rotherham_council)
151: Rugby Council (rugby_council)
	Parsing web page using scrapers/rugby_council.pl (144901 bytes)
	Added 9 features (8 geocoded).
	Total = 8356
	Processed in 1 second
152: Ryedale Council (ryedale_council)
153: Salisbury Council (salisbury_council)
154: Sandwell Council (sandwell_council)
	Parsing web page using scrapers/sandwell_council.pl (161024 bytes)
	Added 44 features (44 geocoded).
	Total = 8400
	Processed in 1 second
155: Scarborough Council (scarborough_council)
156: Sefton Council (sefton_council)
	Parsing web page using scrapers/sefton_council.pl (74610 bytes)
	Added 35 features (34 geocoded).
	Total = 8435
157: Sefton CVS (sefton_cvs)
	Getting Google Maps pageData
	Getting Google Maps kmz from https://www.google.com/maps/d/kml?mid=1ufQzUkVn58B6Hw1pTwvmGTYWtSE2DRA&resourcekey&lid=ffKRWzYZG8A
	Unzipping kmz
	Added 34 features (34 geocoded).
	Total = 8469
	Processed in 1 second
158: Sevenoaks Council (sevenoaks_council)
	Parsing web page using scrapers/sevenoaks_council.pl (37421 bytes)
	Added 21 features (21 geocoded).
	Total = 8490
	Processed in 14 seconds
159: Sheffield VAS (sheffield_vas)
	Processing CSV
	Added 197 features (197 geocoded).
	Total = 8687
	Processed in 2 seconds
160: South Cambs Council (south_cambs_council)
	Getting Google Maps pageData
	Getting Google Maps kmz from https://www.google.com/maps/d/kml?mid=1agvlRj_UnyGXZwMB6WdLKiH8WS-7wf8&resourcekey&lid=tbF15j2GqK0
	Unzipping kmz
	Added 10 features (10 geocoded).
	Total = 8697
161: South Tyneside Council (south_tyneside_council)
162: Southwalk Council (southwalk_council)
	Parsing web page using scrapers/southwalk_council.pl (88871 bytes)
	Added 63 features (56 geocoded).
	Total = 8760
	Processed in 1 second
163: Spark Somerset (spark_somerset)
	Getting Google Maps pageData
	Getting Google Maps kmz from https://www.google.com/maps/d/kml?mid=1UzcEkxxuRfH0v501VVNag_twR9CnhZM&resourcekey&lid=SFB7Yj-VlCY
	Unzipping kmz
	Added 37 features (36 geocoded).
	Total = 8797
164: St Helens Council (st_helens_council)
	Parsing web page using scrapers/st_helens_council.pl (59555 bytes)
	Added 30 features (29 geocoded).
	Total = 8827
	Processed in 11 seconds
165: Stafford Borough Council (stafford_borough_council)
	Parsing web page using scrapers/stafford_borough_council.pl (32684 bytes)
	WARNING: No features found in web page.
	Added 0 features (0 geocoded).
	Total = 8827
166: Staffordshire Fire and Rescue (staffordshire_fire_and_rescue)
167: Stevenage Council (stevenage_council)
168: Stockport Council (stockport_council)
169: Stockton-on-Tees Council (stockton-on-tees_council)
170: Stroud CSCIC (stroud_cscic)
	Parsing web page using scrapers/stroud_cscic.pl (168267 bytes)
	Added 22 features (0 geocoded).
	Total = 8849
	Processed in 6 seconds
171: Suffolk - Rural Coffee Caravan (suffolk_-_rural_coffee_caravan)
	Parsing web page using scrapers/suffolk_-_rural_coffee_caravan.pl (694552 bytes)
	Added 104 features (104 geocoded).
	Total = 8953
172: Sunderland Council (sunderland_council)
173: Surrey County Council (surrey_county_council)
	Parsing web page using scrapers/surrey_county_council.pl (42651 bytes)
	WARNING: No features found in web page.
	Added 0 features (0 geocoded).
	Total = 8953
	Processed in 1 second
174: Sutton Council (sutton_council)
175: Swansea Council (swansea_council)
	Parsing web page using scrapers/swansea_council.pl (5426 bytes)
	WARNING: No features found in web page.
	Added 0 features (0 geocoded).
	Total = 8953
176: Swindon Council (swindon_council)
	Parsing web page using scrapers/swindon_council.pl (30457 bytes)
	Added 40 features (39 geocoded).
	Total = 8993
	Processed in 17 seconds
177: Tameside Council (tameside_council)
	Parsing web page using scrapers/tameside_council.pl (113346 bytes)
	WARNING: No JSON returned from scraper
	WARNING: No features found in web page.
	Added 0 features (0 geocoded).
	Total = 8993
	Processed in 1 second
178: Tendring Council (tendring_council)
179: Tewkesbury Council (tewkesbury_council)
	Parsing web page using scrapers/tewkesbury_council.pl (37775 bytes)
	WARNING: No features found in web page.
	Added 0 features (0 geocoded).
	Total = 8993
	Processed in 1 second
180: Tonbridge and Malling Council (tonbridge_and_malling_council)
	Parsing web page using scrapers/tonbridge_and_malling_council.pl ( bytes)
	WARNING: No JSON returned from scraper
	WARNING: No features found in web page.
	Added 0 features (0 geocoded).
	Total = 8993
	Processed in 1 second
181: Torbay Council (torbay_council)
	Parsing web page using scrapers/torbay_council.pl ( bytes)
	WARNING: No JSON returned from scraper
	WARNING: No features found in web page.
	Added 0 features (0 geocoded).
	Total = 8993
	Processed in 10 seconds
182: Vale of Glamorgan Council (vale_of_glamorgan_council)
	Processing GeoJSON
	Added 30 features (30 geocoded).
	Total = 9023
183: Voluntary Action Islington (voluntary_action_islington)
	Parsing web page using scrapers/voluntary_action_islington.pl (103138 bytes)
	Added 27 features (25 geocoded).
	Total = 9050
	Processed in 2 seconds
184: Wakefield Council (wakefield_council)
185: Wandsworth Council (wandsworth_council)
	Parsing web page using scrapers/wandsworth_council.pl (161988 bytes)
	Added 74 features (74 geocoded).
	Total = 9124
	Processed in 1 second
186: Warwickshire Rural Council (warwickshire_rural_council)
	Parsing web page using scrapers/warwickshire_rural_council.pl (17738 bytes)
	WARNING: No features found in web page.
	Added 0 features (0 geocoded).
	Total = 9124
	Processed in 1 second
187: West Berkshire Council (west_berkshire_council)
	Processing GeoJSON
	Added 26 features (26 geocoded).
	Total = 9150
	Processed in 1 second
188: West Devon Council (west_devon_council)
189: West Dunbartonshire Council (west_dunbartonshire_council)
	Parsing web page using scrapers/west_dunbartonshire_council.pl (32345 bytes)
	Added 16 features (14 geocoded).
	Total = 9166
	Processed in 1 second
190: West Northamptonshire (west_northamptonshire)
	Parsing web page using scrapers/west_northamptonshire.pl (47758 bytes)
	Added 168 features (163 geocoded).
	Total = 9334
	Processed in 6 seconds
191: Westminster Council (westminster_council)
	Parsing web page using scrapers/westminster_council.pl (67 bytes)
	WARNING: No features found in web page.
	Parsing web page using scrapers/westminster_council.pl (61 bytes)
	WARNING: No features found in web page.
	Parsing web page using scrapers/westminster_council.pl (67 bytes)
	WARNING: No features found in web page.
	Parsing web page using scrapers/westminster_council.pl (150 bytes)
	WARNING: No features found in web page.
	Added 0 features (0 geocoded).
	Total = 9334
	Processed in 122 seconds
192: Westmorland Council (westmorland_council)
	Parsing web page using scrapers/westmorland_council.pl (207142 bytes)
	Added 74 features (74 geocoded).
	Total = 9408
	Processed in 25 seconds
193: Wigan Council (wigan_council)
194: Wiltshire Council (wiltshire_council)
195: Wokingham Council (wokingham_council)
196: Wolverhampton Council (wolverhampton_council)
197: Worcestershire Council (worcestershire_council)
198: Live Well York (live_well_york)
	Parsing web page using scrapers/live_well_york.pl (21723 bytes)
	WARNING: No features found in web page.
	Added 0 features (0 geocoded).
	Total = 9408
	Processed in 1 second
Added 9408 features in total (9127 geocoded from 85 directories).
